Microchip MPLAB XC8 Compiler V2.31

Linker command line:

-W-3 --edf=C:\Program Files\Microchip\xc8\v2.31\pic\dat\en_msgs.txt -cn \
  -h+dist/default/production\ControlCard.X.production.sym \
  --cmf=dist/default/production\ControlCard.X.production.cmf -z -Q18F4520 \
  -oC:\Users\omm\AppData\Local\Temp\s7ds.2 --defsym=__MPLAB_BUILD=1 \
  -Mdist/default/production/ControlCard.X.production.map -E1 \
  -ver=XC8 Compiler --acfsm=1493 -ASTACK=0BBh-05FFh -pstack=STACK \
  -ACODE=00h-07FFFh -ACONST=00h-07FFFh -ASMALLCONST=0600h-06FFhx122 \
  -AMEDIUMCONST=0600h-07FFFh -ACOMRAM=01h-07Fh -AABS1=00h-05FFh \
  -ABIGRAM=01h-05FFh -ARAM=080h-0FFh,0100h-01FFhx5 -ABANK0=080h-0FFh \
  -ABANK1=0100h-01FFh -ABANK2=0200h-02FFh -ABANK3=0300h-03FFh \
  -ABANK4=0400h-04FFh -ABANK5=0500h-05FFh -ASFR=0F80h-0FFFh \
  -ACONFIG=0300000h-030000Dh -AIDLOC=0200000h-0200007h \
  -AEEDATA=0F00000h-0F000FFh -peeprom_data=EEDATA \
  -preset_vec=00h,intcode=08h,intcodelo,powerup,init -pramtop=0600h \
  -psmallconst=SMALLCONST -pmediumconst=MEDIUMCONST -pconst=CONST \
  -AFARRAM=00h-00h \
  -prdata=COMRAM,nvrram=COMRAM,nvbit=COMRAM,rbss=COMRAM,rbit=COMRAM \
  -pfarbss=FARRAM,fardata=FARRAM,nvFARRAM=FARRAM \
  -pintsave_regs=BIGRAM,bigbss=BIGRAM,bigdata=BIGRAM -pbss=RAM \
  -pidata=CODE,irdata=CODE,ibigdata=CODE,ifardata=CODE -prparam=COMRAM \
  C:\Users\omm\AppData\Local\Temp\s7ds.o \
  dist/default/production\ControlCard.X.production.o 

Object code version is 3.11

Machine type is 18F4520



                Name                               Link     Load   Length Selector   Space Scale
C:\Users\omm\AppData\Local\Temp\s7ds.o
                idloc                            200000   200000        8        0       5
                config                           300000   300000        E        0       4
                init                                  E        E        4        4       0
                reset_vec                             0        0        4        0       0
dist/default/production\ControlCard.X.production.o
                intcode                               8        8        6        4       0
                idloc                            200000   200000        8        0       5
                config                           300000   300000        E        0       4
                temp                                 76       76        1        1       1
                smallconst                          600      600       2C      300       0
                intcode_body                       373C     373C       BE      316       0
                text36                             3EE2     3EE2       1E      316       0
                text35                             3DF4     3DF4       30      316       0
                text34                             38A4     38A4       A4      316       0
                text33                             3A3C     3A3C       6A      316       0
                text32                             3948     3948       84      316       0
                text31                             3F00     3F00       1C      316       0
                text30                             3F1C     3F1C       16      316       0
                text29                             3DBE     3DBE       36      316       0
                text28                             3E9A     3E9A       26      316       0
                text27                             3F44     3F44        8      316       0
                text26                             3F3C     3F3C        8      316       0
                text25                             3F32     3F32        A      316       0
                text24                             3BD0     3BD0       5C      316       0
                text23                             37FA     37FA       AA      316       0
                text22                             261C     261C      4C0      316       0
                text21                             3CD0     3CD0       46      316       0
                text20                             3454     3454      106      316       0
                text19                             3E74     3E74       26      316       0
                text18                             32A0     32A0      1B4      316       0
                text17                             1FC6     1FC6      656      316       0
                text16                             2F06     2F06      39A      316       0
                text15                             355A     355A      104      316       0
                text14                             2ADC     2ADC      42A      316       0
                text13                             3D86     3D86       38      316       0
                text12                             3D4E     3D4E       38      316       0
                text11                             3C7E     3C7E       52      316       0
                text10                             39CC     39CC       70      316       0
                text9                              3EC0     3EC0       22      316       0
                text8                              3D16     3D16       38      316       0
                text7                              3B72     3B72       5E      316       0
                text6                               62C      62C     1156      316       0
                text5                              3E4E     3E4E       26      316       0
                text4                              3C2C     3C2C       52      316       0
                text3                              3B0C     3B0C       66      316       0
                text2                              3AA6     3AA6       66      316       0
                text1                              365E     365E       DE      316       0
                text0                              1782     1782      844      316       0
                cstackCOMRAM                          1        1       56        1       1
                bssBANK0                             80       80       3B       80       1
                bssCOMRAM                            57       57       12        1       1
                cinit                              3E24     3E24       2A      316       0
                nvCOMRAM                             69       69        D        1       1

TOTAL           Name                               Link     Load   Length     Space
        CLASS   STACK          

        CLASS   CODE           
                intcode                               8        8        6         0
                init                                  E        E        4         0
                reset_vec                             0        0        4         0
                intcode_body                       373C     373C       BE         0
                text36                             3EE2     3EE2       1E         0
                text35                             3DF4     3DF4       30         0
                text34                             38A4     38A4       A4         0
                text33                             3A3C     3A3C       6A         0
                text32                             3948     3948       84         0
                text31                             3F00     3F00       1C         0
                text30                             3F1C     3F1C       16         0
                text29                             3DBE     3DBE       36         0
                text28                             3E9A     3E9A       26         0
                text27                             3F44     3F44        8         0
                text26                             3F3C     3F3C        8         0
                text25                             3F32     3F32        A         0
                text24                             3BD0     3BD0       5C         0
                text23                             37FA     37FA       AA         0
                text22                             261C     261C      4C0         0
                text21                             3CD0     3CD0       46         0
                text20                             3454     3454      106         0
                text19                             3E74     3E74       26         0
                text18                             32A0     32A0      1B4         0
                text17                             1FC6     1FC6      656         0
                text16                             2F06     2F06      39A         0
                text15                             355A     355A      104         0
                text14                             2ADC     2ADC      42A         0
                text13                             3D86     3D86       38         0
                text12                             3D4E     3D4E       38         0
                text11                             3C7E     3C7E       52         0
                text10                             39CC     39CC       70         0
                text9                              3EC0     3EC0       22         0
                text8                              3D16     3D16       38         0
                text7                              3B72     3B72       5E         0
                text6                               62C      62C     1156         0
                text5                              3E4E     3E4E       26         0
                text4                              3C2C     3C2C       52         0
                text3                              3B0C     3B0C       66         0
                text2                              3AA6     3AA6       66         0
                text1                              365E     365E       DE         0
                text0                              1782     1782      844         0
                cinit                              3E24     3E24       2A         0

        CLASS   CONST          

        CLASS   SMALLCONST     
                smallconst                          600      600       2C         0

        CLASS   MEDIUMCONST    

        CLASS   COMRAM         
                temp                                 76       76        1         1
                cstackCOMRAM                          1        1       56         1
                bssCOMRAM                            57       57       12         1
                nvCOMRAM                             69       69        D         1

        CLASS   ABS1           

        CLASS   BIGRAM         

        CLASS   RAM            

        CLASS   BANK0          
                bssBANK0                             80       80       3B         1

        CLASS   BANK1          

        CLASS   BANK2          

        CLASS   BANK3          

        CLASS   BANK4          

        CLASS   BANK5          

        CLASS   SFR            

        CLASS   CONFIG         
                config                           300000   300000        E         4

        CLASS   IDLOC          
                idloc                            200000   200000        8         5

        CLASS   EEDATA         

        CLASS   FARRAM         



SEGMENTS        Name                           Load    Length   Top    Selector   Space  Class

                reset_vec                      000000  000004  000004         0       0  CODE    
                cstackCOMRAM                   000001  000076  000077         1       1  COMRAM  
                intcode                        000008  00000A  000012         4       0  CODE    
                bssBANK0                       000080  00003B  0000BB        80       1  BANK0   
                smallconst                     000600  00002C  00062C       300       0  SMALLCON
                text6                          00062C  003920  003F4C       316       0  CODE    


UNUSED ADDRESS RANGES

        Name                Unused          Largest block    Delta
        BANK0            0000BB-0000FF               45
        BANK1            000100-0001FF              100
        BANK2            000200-0002FF              100
        BANK3            000300-0003FF              100
        BANK4            000400-0004FF              100
        BANK5            000500-0005FF              100
        BIGRAM           000077-00007F                9
                         0000BB-0005FF              545
        CODE             000004-000007                4
                         000012-0005FF              5EE
                         003F4C-007FFF             40B4
        COMRAM           000077-00007F                9
        CONST            000004-000007                4
                         000012-0005FF              5EE
                         003F4C-007FFF             40B4
        EEDATA           F00000-F000FF              100
        MEDIUMCONST      003F4C-007FFF             40B4
        RAM              0000BB-0005FF              100
        SFR              000F80-000FFF               80
        SMALLCONST       003F4C-007FFF              100
        STACK            0000BB-0005FF              545

                                  Symbol Table

?___fladd                  cstackCOMRAM 000003
?___fldiv                  cstackCOMRAM 000003
?___flmul                  cstackCOMRAM 000003
?___flneg                  cstackCOMRAM 000003
?___flsub                  cstackCOMRAM 000013
?___fltol                  cstackCOMRAM 000003
?___lldiv                  cstackCOMRAM 00000F
?___lmul                   cstackCOMRAM 000003
?___wmul                   cstackCOMRAM 00000D
?___xxtofl                 cstackCOMRAM 000004
?_atof                     cstackCOMRAM 00004D
?_isdigit                  cstackCOMRAM 000003
?_islower                  cstackCOMRAM 000003
?_isspace                  cstackCOMRAM 000003
?_isxdigit                 cstackCOMRAM 000003
?_nanf                     cstackCOMRAM 000003
?_strchr                   cstackCOMRAM 000003
?_strcspn                  cstackCOMRAM 000007
?_strspn                   cstackCOMRAM 000007
?_strtof                   cstackCOMRAM 000027
?_strtok                   cstackCOMRAM 00000E
?_toupper                  cstackCOMRAM 000009
Dac_Write@data             cstackCOMRAM 000015
Dac_Write@x                cstackCOMRAM 000013
Eeprom_read@addr           cstackCOMRAM 000003
Eeprom_write@addr          cstackCOMRAM 00000E
Eeprom_write@data          cstackCOMRAM 00000D
I2C_Initialize@feq_K       cstackCOMRAM 00001C
I2C_Write@data             cstackCOMRAM 000004
UART_send_char@bt          cstackCOMRAM 000003
UART_send_string@st_pt     cstackCOMRAM 000004
_ADCON0bits                (abs)        000FC2
_ADCON1                    (abs)        000FC1
_Att1                      nvCOMRAM     000071
_Att2                      nvCOMRAM     00006D
_Att3                      nvCOMRAM     000069
_BRGH                      (abs)        007D62
_Buffer                    bssBANK0     000098
_CMCON                     (abs)        000FB4
_CREN                      (abs)        007D5C
_Dac_Write                 text24       003BD0
_Data                      bssBANK0     000080
_EEADR                     (abs)        000FA9
_EECON1bits                (abs)        000FA6
_EECON2                    (abs)        000FA7
_EEDATA                    (abs)        000FA8
_Eeprom_read               text36       003EE2
_Eeprom_write              text35       003DF4
_I2C_Begin                 text27       003F44
_I2C_End                   text26       003F3C
_I2C_Hold                  text28       003E9A
_I2C_Initialize            text32       003948
_I2C_Write                 text25       003F32
_INTCONbits                (abs)        000FF2
_IPR1bits                  (abs)        000F9F
_Initialize_UART           text31       003F00
_Logic                     bssCOMRAM    000067
_OERR                      (abs)        007D59
_PEN                       (abs)        007E2A
_PIE1bits                  (abs)        000F9D
_PIR1bits                  (abs)        000F9E
_PORTAbits                 (abs)        000F80
_PORTBbits                 (abs)        000F81
_PORTCbits                 (abs)        000F82
_PORTDbits                 (abs)        000F83
_Ps1                       bssCOMRAM    00005F
_Ps2                       bssCOMRAM    00005B
_Ps3                       bssCOMRAM    000057
_RCIF                      (abs)        007CF5
_RCONbits                  (abs)        000FD0
_RCREG                     (abs)        000FAE
_RX9                       (abs)        007D5E
_SEN                       (abs)        007E28
_SPBRG                     (abs)        000FAF
_SPEN                      (abs)        007D5F
_SSPADD                    (abs)        000FC8
_SSPBUF                    (abs)        000FC9
_SSPCON1                   (abs)        000FC6
_SSPCON2                   (abs)        000FC5
_SSPSTAT                   (abs)        000FC7
_SYNC                      (abs)        007D64
_TRISA                     (abs)        000F92
_TRISB                     (abs)        000F93
_TRISC2                    (abs)        007CA2
_TRISC3                    (abs)        007CA3
_TRISC4                    (abs)        007CA4
_TRISC6                    (abs)        007CA6
_TRISC7                    (abs)        007CA7
_TRISD                     (abs)        000F95
_TX9                       (abs)        007D66
_TXEN                      (abs)        007D65
_TXIF                      (abs)        007CF4
_TXREG                     (abs)        000FAD
_Temp                      nvCOMRAM     000075
_UART_send_char            text30       003F1C
_UART_send_string          text29       003DBE
_Update                    text17       001FC6
__HRAM                     (abs)        000000
__Habs1                    abs1         000000
__Hbank0                   bank0        000000
__Hbank1                   bank1        000000
__Hbank2                   bank2        000000
__Hbank3                   bank3        000000
__Hbank4                   bank4        000000
__Hbank5                   bank5        000000
__Hbigbss                  bigbss       000000
__Hbigdata                 bigdata      000000
__Hbigram                  bigram       000000
__Hbss                     bss          000000
__HbssBANK0                bssBANK0     000000
__HbssCOMRAM               bssCOMRAM    000000
__Hcinit                   cinit        000000
__Hclrtext                 clrtext      000000
__Hcomram                  comram       000000
__Hconfig                  config       30000E
__Hconst                   const        000000
__HcstackCOMRAM            cstackCOMRAM 000000
__Hdata                    data         000000
__Heeprom_data             eeprom_data  000000
__Hfarbss                  farbss       000000
__Hfardata                 fardata      000000
__Hibigdata                ibigdata     000000
__Hidata                   idata        000000
__Hidloc                   idloc        200008
__Hifardata                ifardata     000000
__Hinit                    init         000012
__Hintcode                 intcode      00000E
__Hintcode_body            intcode_body 000000
__Hintcodelo               intcodelo    00000E
__Hintentry                intentry     000000
__Hintret                  intret       000000
__Hintsave_regs            intsave_regs 000000
__Hirdata                  irdata       000000
__Hmediumconst             mediumconst  000000
__HnvCOMRAM                nvCOMRAM     000000
__HnvFARRAM                nvFARRAM     000000
__Hnvbit                   nvbit        000000
__Hnvrram                  nvrram       000000
__Hparam                   rparam       000000
__Hpowerup                 powerup      00000E
__Hram                     ram          000000
__Hramtop                  ramtop       000600
__Hrbit                    rbit         000000
__Hrbss                    rbss         000000
__Hrdata                   rdata        000000
__Hreset_vec               reset_vec    000004
__Hrparam                  rparam       000000
__Hsfr                     sfr          000000
__Hsmallconst              smallconst   00062C
__Hspace_0                 (abs)        003F4C
__Hspace_1                 (abs)        0000BB
__Hspace_2                 (abs)        000000
__Hspace_4                 (abs)        60000E
__Hstack                   stack        000000
__Hstruct                  struct       000000
__Htemp                    temp         000077
__Htext                    text         000000
__Htext0                   text0        000000
__Htext1                   text1        000000
__Htext10                  text10       000000
__Htext11                  text11       000000
__Htext12                  text12       000000
__Htext13                  text13       000000
__Htext14                  text14       000000
__Htext15                  text15       000000
__Htext16                  text16       000000
__Htext17                  text17       000000
__Htext18                  text18       000000
__Htext19                  text19       000000
__Htext2                   text2        000000
__Htext20                  text20       000000
__Htext21                  text21       000000
__Htext22                  text22       000000
__Htext23                  text23       000000
__Htext24                  text24       000000
__Htext25                  text25       000000
__Htext26                  text26       000000
__Htext27                  text27       000000
__Htext28                  text28       000000
__Htext29                  text29       000000
__Htext3                   text3        000000
__Htext30                  text30       000000
__Htext31                  text31       000000
__Htext32                  text32       000000
__Htext33                  text33       000000
__Htext34                  text34       000000
__Htext35                  text35       000000
__Htext36                  text36       000000
__Htext4                   text4        000000
__Htext5                   text5        000000
__Htext6                   text6        000000
__Htext7                   text7        000000
__Htext8                   text8        000000
__Htext9                   text9        000000
__LRAM                     (abs)        000001
__Labs1                    abs1         000000
__Lbank0                   bank0        000000
__Lbank1                   bank1        000000
__Lbank2                   bank2        000000
__Lbank3                   bank3        000000
__Lbank4                   bank4        000000
__Lbank5                   bank5        000000
__Lbigbss                  bigbss       000000
__Lbigdata                 bigdata      000000
__Lbigram                  bigram       000000
__Lbss                     bss          000000
__LbssBANK0                bssBANK0     000000
__LbssCOMRAM               bssCOMRAM    000000
__Lcinit                   cinit        000000
__Lclrtext                 clrtext      000000
__Lcomram                  comram       000000
__Lconfig                  config       000000
__Lconst                   const        000000
__LcstackCOMRAM            cstackCOMRAM 000000
__Ldata                    data         000000
__Leeprom_data             eeprom_data  000000
__Lfarbss                  farbss       000000
__Lfardata                 fardata      000000
__Libigdata                ibigdata     000000
__Lidata                   idata        000000
__Lidloc                   idloc        000000
__Lifardata                ifardata     000000
__Linit                    init         00000E
__Lintcode                 intcode      000008
__Lintcode_body            intcode_body 000000
__Lintcodelo               intcodelo    00000E
__Lintentry                intentry     000000
__Lintret                  intret       000000
__Lintsave_regs            intsave_regs 000000
__Lirdata                  irdata       000000
__Lmediumconst             mediumconst  000000
__LnvCOMRAM                nvCOMRAM     000000
__LnvFARRAM                nvFARRAM     000000
__Lnvbit                   nvbit        000000
__Lnvrram                  nvrram       000000
__Lparam                   rparam       000000
__Lpowerup                 powerup      00000E
__Lram                     ram          000000
__Lramtop                  ramtop       000600
__Lrbit                    rbit         000000
__Lrbss                    rbss         000000
__Lrdata                   rdata        000000
__Lreset_vec               reset_vec    000000
__Lrparam                  rparam       000000
__Lsfr                     sfr          000000
__Lsmallconst              smallconst   000600
__Lspace_0                 (abs)        000000
__Lspace_1                 (abs)        000000
__Lspace_2                 (abs)        000000
__Lspace_4                 (abs)        000000
__Lstack                   stack        000000
__Lstruct                  struct       000000
__Ltemp                    temp         000076
__Ltext                    text         000000
__Ltext0                   text0        000000
__Ltext1                   text1        000000
__Ltext10                  text10       000000
__Ltext11                  text11       000000
__Ltext12                  text12       000000
__Ltext13                  text13       000000
__Ltext14                  text14       000000
__Ltext15                  text15       000000
__Ltext16                  text16       000000
__Ltext17                  text17       000000
__Ltext18                  text18       000000
__Ltext19                  text19       000000
__Ltext2                   text2        000000
__Ltext20                  text20       000000
__Ltext21                  text21       000000
__Ltext22                  text22       000000
__Ltext23                  text23       000000
__Ltext24                  text24       000000
__Ltext25                  text25       000000
__Ltext26                  text26       000000
__Ltext27                  text27       000000
__Ltext28                  text28       000000
__Ltext29                  text29       000000
__Ltext3                   text3        000000
__Ltext30                  text30       000000
__Ltext31                  text31       000000
__Ltext32                  text32       000000
__Ltext33                  text33       000000
__Ltext34                  text34       000000
__Ltext35                  text35       000000
__Ltext36                  text36       000000
__Ltext4                   text4        000000
__Ltext5                   text5        000000
__Ltext6                   text6        000000
__Ltext7                   text7        000000
__Ltext8                   text8        000000
__Ltext9                   text9        000000
__S0                       (abs)        003F4C
__S1                       (abs)        0000BB
__S2                       (abs)        000000
__S4                       (abs)        000000
__S5                       (abs)        000000
___fladd                   text22       00261C
___fladd@a                 cstackCOMRAM 000007
___fladd@aexp              cstackCOMRAM 000010
___fladd@b                 cstackCOMRAM 000003
___fladd@bexp              cstackCOMRAM 000011
___fladd@grs               cstackCOMRAM 000012
___fladd@signs             cstackCOMRAM 00000F
___fldiv                   text16       002F06
___fldiv@a                 cstackCOMRAM 000007
___fldiv@aexp              cstackCOMRAM 00001B
___fldiv@b                 cstackCOMRAM 000003
___fldiv@bexp              cstackCOMRAM 00001A
___fldiv@grs               cstackCOMRAM 000016
___fldiv@new_exp           cstackCOMRAM 000014
___fldiv@rem               cstackCOMRAM 00000F
___fldiv@sign              cstackCOMRAM 000013
___fleq                    text23       0037FA
___fleq@ff1                cstackCOMRAM 00001B
___fleq@ff2                cstackCOMRAM 00001F
___flge                    text15       00355A
___flge@ff1                cstackCOMRAM 000003
___flge@ff2                cstackCOMRAM 000007
___flmul                   text14       002ADC
___flmul@a                 cstackCOMRAM 000007
___flmul@aexp              cstackCOMRAM 000014
___flmul@b                 cstackCOMRAM 000003
___flmul@bexp              cstackCOMRAM 000015
___flmul@grs               cstackCOMRAM 000010
___flmul@prod              cstackCOMRAM 000016
___flmul@sign              cstackCOMRAM 00000F
___flmul@temp              cstackCOMRAM 00001A
___flneg                   text13       003D86
___flneg@f1                cstackCOMRAM 000003
___flsub                   text21       003CD0
___flsub@a                 cstackCOMRAM 000017
___flsub@b                 cstackCOMRAM 000013
___fltol                   text20       003454
___fltol@exp1              cstackCOMRAM 00000C
___fltol@f1                cstackCOMRAM 000003
___fltol@sign1             cstackCOMRAM 00000B
___inthi_sp                stack        000000
___intlo_sp                stack        000000
___lldiv                   text34       0038A4
___lldiv@counter           cstackCOMRAM 00001B
___lldiv@dividend          cstackCOMRAM 00000F
___lldiv@divisor           cstackCOMRAM 000013
___lldiv@quotient          cstackCOMRAM 000017
___lmul                    text33       003A3C
___lmul@multiplicand       cstackCOMRAM 000007
___lmul@multiplier         cstackCOMRAM 000003
___lmul@product            cstackCOMRAM 00000B
___param_bank              (abs)        000000
___rparam_used             (abs)        000001
___sp                      stack        000000
___wmul                    text19       003E74
___wmul@multiplicand       cstackCOMRAM 00000F
___wmul@multiplier         cstackCOMRAM 00000D
___wmul@product            cstackCOMRAM 000011
___xxtofl                  text18       0032A0
___xxtofl@arg              cstackCOMRAM 00000E
___xxtofl@exp              cstackCOMRAM 00000D
___xxtofl@sign             cstackCOMRAM 00000C
___xxtofl@val              cstackCOMRAM 000004
__accesstop                (abs)        000080
__activetblptr             (abs)        000001
__end_of_Dac_Write         text24       003C2C
__end_of_Eeprom_read       text36       003F00
__end_of_Eeprom_write      text35       003E24
__end_of_I2C_Begin         text27       003F4C
__end_of_I2C_End           text26       003F44
__end_of_I2C_Hold          text28       003EC0
__end_of_I2C_Initialize    text32       0039CC
__end_of_I2C_Write         text25       003F3C
__end_of_Initialize_UART   text31       003F1C
__end_of_UART_send_char    text30       003F32
__end_of_UART_send_string  text29       003DF4
__end_of_Update            text17       00261C
__end_of___fladd           text22       002ADC
__end_of___fldiv           text16       0032A0
__end_of___fleq            text23       0038A4
__end_of___flge            text15       00365E
__end_of___flmul           text14       002F06
__end_of___flneg           text13       003DBE
__end_of___flsub           text21       003D16
__end_of___fltol           text20       00355A
__end_of___lldiv           text34       003948
__end_of___lmul            text33       003AA6
__end_of___wmul            text19       003E9A
__end_of___xxtofl          text18       003454
__end_of__initialization   cinit        003E3C
__end_of_atof              text5        003E74
__end_of_high_isr          intcode_body 0037FA
__end_of_isdigit           text12       003D86
__end_of_islower           text8        003D4E
__end_of_isspace           text11       003CD0
__end_of_isxdigit          text10       003A3C
__end_of_main              text0        001FC6
__end_of_nanf              text9        003EE2
__end_of_strchr            text4        003C7E
__end_of_strcspn           text3        003B72
__end_of_strspn            text2        003B0C
__end_of_strtof            text6        001782
__end_of_strtok            text1        00373C
__end_of_toupper           text7        003BD0
__initialization           cinit        003E24
__mediumconst              mediumconst  000000
__pbssBANK0                bssBANK0     000080
__pbssCOMRAM               bssCOMRAM    000057
__pcinit                   cinit        003E24
__pcstackCOMRAM            cstackCOMRAM 000001
__pintcode                 intcode      000008
__pintcode_body            intcode_body 00373C
__pnvCOMRAM                nvCOMRAM     000069
__psmallconst              smallconst   000600
__ptext0                   text0        001782
__ptext1                   text1        00365E
__ptext10                  text10       0039CC
__ptext11                  text11       003C7E
__ptext12                  text12       003D4E
__ptext13                  text13       003D86
__ptext14                  text14       002ADC
__ptext15                  text15       00355A
__ptext16                  text16       002F06
__ptext17                  text17       001FC6
__ptext18                  text18       0032A0
__ptext19                  text19       003E74
__ptext2                   text2        003AA6
__ptext20                  text20       003454
__ptext21                  text21       003CD0
__ptext22                  text22       00261C
__ptext23                  text23       0037FA
__ptext24                  text24       003BD0
__ptext25                  text25       003F32
__ptext26                  text26       003F3C
__ptext27                  text27       003F44
__ptext28                  text28       003E9A
__ptext29                  text29       003DBE
__ptext3                   text3        003B0C
__ptext30                  text30       003F1C
__ptext31                  text31       003F00
__ptext32                  text32       003948
__ptext33                  text33       003A3C
__ptext34                  text34       0038A4
__ptext35                  text35       003DF4
__ptext36                  text36       003EE2
__ptext4                   text4        003C2C
__ptext5                   text5        003E4E
__ptext6                   text6        00062C
__ptext7                   text7        003B72
__ptext8                   text8        003D16
__ptext9                   text9        003EC0
__ramtop                   ramtop       000600
__size_of_Dac_Write        (abs)        000000
__size_of_Eeprom_read      (abs)        000000
__size_of_Eeprom_write     (abs)        000000
__size_of_I2C_Begin        (abs)        000000
__size_of_I2C_End          (abs)        000000
__size_of_I2C_Hold         (abs)        000000
__size_of_I2C_Initialize   (abs)        000000
__size_of_I2C_Write        (abs)        000000
__size_of_Initialize_UART  (abs)        000000
__size_of_UART_send_char   (abs)        000000
__size_of_UART_send_string (abs)        000000
__size_of_Update           (abs)        000000
__size_of___fladd          (abs)        000000
__size_of___fldiv          (abs)        000000
__size_of___fleq           (abs)        000000
__size_of___flge           (abs)        000000
__size_of___flmul          (abs)        000000
__size_of___flneg          (abs)        000000
__size_of___flsub          (abs)        000000
__size_of___fltol          (abs)        000000
__size_of___lldiv          (abs)        000000
__size_of___lmul           (abs)        000000
__size_of___wmul           (abs)        000000
__size_of___xxtofl         (abs)        000000
__size_of_atof             (abs)        000000
__size_of_high_isr         (abs)        000000
__size_of_isdigit          (abs)        000000
__size_of_islower          (abs)        000000
__size_of_isspace          (abs)        000000
__size_of_isxdigit         (abs)        000000
__size_of_main             (abs)        000000
__size_of_nanf             (abs)        000000
__size_of_strchr           (abs)        000000
__size_of_strcspn          (abs)        000000
__size_of_strspn           (abs)        000000
__size_of_strtof           (abs)        000000
__size_of_strtok           (abs)        000000
__size_of_toupper          (abs)        000000
__smallconst               smallconst   000600
_atof                      text5        003E4E
_got_data_bool             bssCOMRAM    000068
_high_isr                  intcode      000008
_i                         bssCOMRAM    000065
_isdigit                   text12       003D4E
_islower                   text8        003D16
_isspace                   text11       003C7E
_isspace$1353              cstackCOMRAM 000009
_isxdigit                  text10       0039CC
_isxdigit$1364             cstackCOMRAM 000009
_main                      text0        001782
_nanf                      text9        003EC0
_strchr                    text4        003C2C
_strcspn                   text3        003B0C
_strspn                    text2        003AA6
_strtof                    text6        00062C
_strtof$1307               cstackCOMRAM 000031
_strtof$1308               cstackCOMRAM 000041
_strtof$1318               cstackCOMRAM 000033
_strtof$1319               cstackCOMRAM 000035
_strtof$1320               cstackCOMRAM 000037
_strtof$1321               cstackCOMRAM 000039
_strtof$1322               cstackCOMRAM 00003B
_strtof$1323               cstackCOMRAM 00003D
_strtof$1324               cstackCOMRAM 00003F
_strtok                    text1        00365E
_toupper                   text7        003B72
_toupper$1423              cstackCOMRAM 00000F
atof@s                     cstackCOMRAM 00004D
btemp                      temp         000076
end_of_initialization      cinit        003E3C
int$flags                  temp         000076
int_func                   intcode_body 00373C
intlevel0                  text         000000
intlevel1                  text         000000
intlevel2                  text         000000
intlevel3                  text         000000
isdigit@c                  cstackCOMRAM 000003
islower@c                  cstackCOMRAM 000003
isspace@c                  cstackCOMRAM 000003
isxdigit@c                 cstackCOMRAM 000003
main@i                     cstackCOMRAM 000053
main@token                 cstackCOMRAM 000055
nanf@s                     cstackCOMRAM 000003
nanf@u                     cstackCOMRAM 000007
stackhi                    (abs)        0005FF
stacklo                    (abs)        0000BB
start                      init         00000E
start_initialization       cinit        003E24
strchr@c                   cstackCOMRAM 000005
strchr@s                   cstackCOMRAM 000003
strcspn@c                  cstackCOMRAM 000009
strcspn@i                  cstackCOMRAM 00000C
strcspn@s                  cstackCOMRAM 000007
strspn@c                   cstackCOMRAM 000009
strspn@i                   cstackCOMRAM 00000C
strspn@s                   cstackCOMRAM 000007
strtof@_u                  cstackCOMRAM 000048
strtof@digit               cstackCOMRAM 000042
strtof@eexp                cstackCOMRAM 000046
strtof@expon               cstackCOMRAM 000044
strtof@flags               cstackCOMRAM 000043
strtof@i                   cstackCOMRAM 00004C
strtof@res                 cstackCOMRAM 000029
strtof@s                   cstackCOMRAM 000027
strtok@p                   bssCOMRAM    000063
strtok@s                   cstackCOMRAM 00000E
strtok@sep                 cstackCOMRAM 000010
toupper@c                  cstackCOMRAM 000009
ttemp5                     temp         000077
ttemp6                     temp         00007A
ttemp7                     temp         00007E
wtemp8                     temp         000077


FUNCTION INFORMATION:

 *************** function _main *****************
 Defined at:
		line 242 in file "Final_code.c"
 Parameters:    Size  Location     Type
		None
 Auto vars:     Size  Location     Type
  i               2   82[COMRAM] int 
  token           2   84[COMRAM] PTR unsigned char 
		 -> NULL(0), Buffer(35), 
 Return value:  Size  Location     Type
                  1    wreg      void 
 Registers used:
		wreg, fsr2l, fsr2h, status,2, status,0, tblptrl, tblptrh, tblptru, prodl, prodh, cstack
 Tracked objects:
		On entry : 
		On exit  : 
		Unchanged: 
 Data sizes:     COMRAM   BANK0   BANK1   BANK2   BANK3   BANK4   BANK5
      Params:         0       0       0       0       0       0       0
      Locals:         4       0       0       0       0       0       0
      Temps:          2       0       0       0       0       0       0
      Totals:         6       0       0       0       0       0       0
Total ram usage:        6 bytes
 Hardware stack levels required when called:    5
 This function calls:
		_Eeprom_read
		_Eeprom_write
		_I2C_Initialize
		_Initialize_UART
		_UART_send_char
		_UART_send_string
		_Update
		___fleq
		___flsub
		___fltol
		___xxtofl
		_atof
		_strtok
 This function is called by:
		Startup code after reset
 This function uses a non-reentrant model


 *************** function _strtok *****************
 Defined at:
		line 3 in file "C:\Program Files\Microchip\xc8\v2.31\pic\sources\c99\common\strtok.c"
 Parameters:    Size  Location     Type
  s               2   13[COMRAM] PTR unsigned char 
		 -> NULL(0), Buffer(35), 
  sep             2   15[COMRAM] PTR const unsigned char 
		 -> STR_2(2), STR_1(2), 
 Auto vars:     Size  Location     Type
		None
 Return value:  Size  Location     Type
                  2   13[COMRAM] PTR unsigned char 
 Registers used:
		wreg, fsr2l, fsr2h, status,2, status,0, tblptrl, tblptrh, tblptru, cstack
 Tracked objects:
		On entry : 
		On exit  : 
		Unchanged: 
 Data sizes:     COMRAM   BANK0   BANK1   BANK2   BANK3   BANK4   BANK5
      Params:         4       0       0       0       0       0       0
      Locals:         0       0       0       0       0       0       0
      Temps:          0       0       0       0       0       0       0
      Totals:         4       0       0       0       0       0       0
Total ram usage:        4 bytes
 Hardware stack levels used:    1
 Hardware stack levels required when called:    3
 This function calls:
		_strcspn
		_strspn
 This function is called by:
		_main
 This function uses a non-reentrant model


 *************** function _strspn *****************
 Defined at:
		line 3 in file "C:\Program Files\Microchip\xc8\v2.31\pic\sources\c99\common\strspn.c"
 Parameters:    Size  Location     Type
  s               2    6[COMRAM] PTR const unsigned char 
		 -> NULL(0), Buffer(35), 
  c               2    8[COMRAM] PTR const unsigned char 
		 -> STR_2(2), STR_1(2), 
 Auto vars:     Size  Location     Type
  i               2   11[COMRAM] unsigned int 
 Return value:  Size  Location     Type
                  2    6[COMRAM] unsigned int 
 Registers used:
		wreg, fsr2l, fsr2h, status,2, status,0, tblptrl, tblptrh, tblptru, cstack
 Tracked objects:
		On entry : 
		On exit  : 
		Unchanged: 
 Data sizes:     COMRAM   BANK0   BANK1   BANK2   BANK3   BANK4   BANK5
      Params:         4       0       0       0       0       0       0
      Locals:         2       0       0       0       0       0       0
      Temps:          1       0       0       0       0       0       0
      Totals:         7       0       0       0       0       0       0
Total ram usage:        7 bytes
 Hardware stack levels used:    1
 Hardware stack levels required when called:    2
 This function calls:
		_strchr
 This function is called by:
		_strtok
 This function uses a non-reentrant model


 *************** function _strcspn *****************
 Defined at:
		line 3 in file "C:\Program Files\Microchip\xc8\v2.31\pic\sources\c99\common\strcspn.c"
 Parameters:    Size  Location     Type
  s               2    6[COMRAM] PTR const unsigned char 
		 -> NULL(0), Buffer(35), 
  c               2    8[COMRAM] PTR const unsigned char 
		 -> STR_2(2), STR_1(2), 
 Auto vars:     Size  Location     Type
  i               2   11[COMRAM] unsigned int 
 Return value:  Size  Location     Type
                  2    6[COMRAM] unsigned int 
 Registers used:
		wreg, fsr2l, fsr2h, status,2, status,0, tblptrl, tblptrh, tblptru, cstack
 Tracked objects:
		On entry : 
		On exit  : 
		Unchanged: 
 Data sizes:     COMRAM   BANK0   BANK1   BANK2   BANK3   BANK4   BANK5
      Params:         4       0       0       0       0       0       0
      Locals:         2       0       0       0       0       0       0
      Temps:          1       0       0       0       0       0       0
      Totals:         7       0       0       0       0       0       0
Total ram usage:        7 bytes
 Hardware stack levels used:    1
 Hardware stack levels required when called:    2
 This function calls:
		_strchr
 This function is called by:
		_strtok
 This function uses a non-reentrant model


 *************** function _strchr *****************
 Defined at:
		line 3 in file "C:\Program Files\Microchip\xc8\v2.31\pic\sources\c99\common\strchr.c"
 Parameters:    Size  Location     Type
  s               2    2[COMRAM] PTR const unsigned char 
		 -> STR_2(2), STR_1(2), 
  c               2    4[COMRAM] int 
 Auto vars:     Size  Location     Type
		None
 Return value:  Size  Location     Type
                  2    2[COMRAM] PTR unsigned char 
 Registers used:
		wreg, status,2, status,0, tblptrl, tblptrh, tblptru
 Tracked objects:
		On entry : 
		On exit  : 
		Unchanged: 
 Data sizes:     COMRAM   BANK0   BANK1   BANK2   BANK3   BANK4   BANK5
      Params:         4       0       0       0       0       0       0
      Locals:         0       0       0       0       0       0       0
      Temps:          0       0       0       0       0       0       0
      Totals:         4       0       0       0       0       0       0
Total ram usage:        4 bytes
 Hardware stack levels used:    1
 Hardware stack levels required when called:    1
 This function calls:
		Nothing
 This function is called by:
		_strcspn
		_strspn
 This function uses a non-reentrant model


 *************** function _atof *****************
 Defined at:
		line 423 in file "C:\Program Files\Microchip\xc8\v2.31\pic\sources\c99\common\strtof.c"
 Parameters:    Size  Location     Type
  s               2   76[COMRAM] PTR const unsigned char 
		 -> NULL(0), Buffer(35), 
 Auto vars:     Size  Location     Type
		None
 Return value:  Size  Location     Type
                  4   76[COMRAM] PTR const unsigned char 
 Registers used:
		wreg, fsr2l, fsr2h, status,2, status,0, tblptrl, tblptrh, tblptru, prodl, prodh, cstack
 Tracked objects:
		On entry : 
		On exit  : 
		Unchanged: 
 Data sizes:     COMRAM   BANK0   BANK1   BANK2   BANK3   BANK4   BANK5
      Params:         4       0       0       0       0       0       0
      Locals:         0       0       0       0       0       0       0
      Temps:          0       0       0       0       0       0       0
      Totals:         4       0       0       0       0       0       0
Total ram usage:        4 bytes
 Hardware stack levels used:    1
 Hardware stack levels required when called:    4
 This function calls:
		_strtof
 This function is called by:
		_main
 This function uses a non-reentrant model


 *************** function _strtof *****************
 Defined at:
		line 95 in file "C:\Program Files\Microchip\xc8\v2.31\pic\sources\c99\common\strtof.c"
 Parameters:    Size  Location     Type
  s               2   38[COMRAM] PTR const unsigned char 
		 -> NULL(0), Buffer(35), 
  res             2   40[COMRAM] PTR PTR unsigned char 
		 -> NULL(0), 
 Auto vars:     Size  Location     Type
  _u              4   71[COMRAM] struct .
  eexp            2   69[COMRAM] int 
  expon           2   67[COMRAM] int 
  i               1   75[COMRAM] unsigned char 
  flags           1   66[COMRAM] unsigned char 
  digit           1   65[COMRAM] unsigned char 
 Return value:  Size  Location     Type
                  4   38[COMRAM] float 
 Registers used:
		wreg, fsr2l, fsr2h, status,2, status,0, tblptrl, tblptrh, tblptru, prodl, prodh, cstack
 Tracked objects:
		On entry : 
		On exit  : 
		Unchanged: 
 Data sizes:     COMRAM   BANK0   BANK1   BANK2   BANK3   BANK4   BANK5
      Params:         4       0       0       0       0       0       0
      Locals:        28       0       0       0       0       0       0
      Temps:          6       0       0       0       0       0       0
      Totals:        38       0       0       0       0       0       0
Total ram usage:       38 bytes
 Hardware stack levels used:    1
 Hardware stack levels required when called:    3
 This function calls:
		___fldiv
		___fleq
		___flge
		___flmul
		___flneg
		___lmul
		___wmul
		___xxtofl
		_isdigit
		_isspace
		_isxdigit
		_nanf
		_toupper
 This function is called by:
		_atof
 This function uses a non-reentrant model


 *************** function _toupper *****************
 Defined at:
		line 4 in file "C:\Program Files\Microchip\xc8\v2.31\pic\sources\c99\common\toupper.c"
 Parameters:    Size  Location     Type
  c               2    8[COMRAM] int 
 Auto vars:     Size  Location     Type
		None
 Return value:  Size  Location     Type
                  2    8[COMRAM] int 
 Registers used:
		wreg, status,2, status,0
 Tracked objects:
		On entry : 
		On exit  : 
		Unchanged: 
 Data sizes:     COMRAM   BANK0   BANK1   BANK2   BANK3   BANK4   BANK5
      Params:         2       0       0       0       0       0       0
      Locals:         2       0       0       0       0       0       0
      Temps:          4       0       0       0       0       0       0
      Totals:         8       0       0       0       0       0       0
Total ram usage:        8 bytes
 Hardware stack levels used:    1
 Hardware stack levels required when called:    2
 This function calls:
		_islower
 This function is called by:
		_strtof
 This function uses a non-reentrant model


 *************** function _islower *****************
 Defined at:
		line 5 in file "C:\Program Files\Microchip\xc8\v2.31\pic\sources\c99\common\islower.c"
 Parameters:    Size  Location     Type
  c               2    2[COMRAM] int 
 Auto vars:     Size  Location     Type
		None
 Return value:  Size  Location     Type
                  2    2[COMRAM] int 
 Registers used:
		wreg, status,2, status,0
 Tracked objects:
		On entry : 
		On exit  : 
		Unchanged: 
 Data sizes:     COMRAM   BANK0   BANK1   BANK2   BANK3   BANK4   BANK5
      Params:         2       0       0       0       0       0       0
      Locals:         0       0       0       0       0       0       0
      Temps:          4       0       0       0       0       0       0
      Totals:         6       0       0       0       0       0       0
Total ram usage:        6 bytes
 Hardware stack levels used:    1
 Hardware stack levels required when called:    1
 This function calls:
		Nothing
 This function is called by:
		_toupper
 This function uses a non-reentrant model


 *************** function _nanf *****************
 Defined at:
		line 4 in file "C:\Program Files\Microchip\xc8\v2.31\pic\sources\c99\common\nanf.c"
 Parameters:    Size  Location     Type
  s               2    2[COMRAM] PTR const unsigned char 
		 -> STR_12(1), 
 Auto vars:     Size  Location     Type
  u               4    6[COMRAM] struct .
 Return value:  Size  Location     Type
                  4    2[COMRAM] float 
 Registers used:
		wreg, status,2
 Tracked objects:
		On entry : 
		On exit  : 
		Unchanged: 
 Data sizes:     COMRAM   BANK0   BANK1   BANK2   BANK3   BANK4   BANK5
      Params:         4       0       0       0       0       0       0
      Locals:         4       0       0       0       0       0       0
      Temps:          0       0       0       0       0       0       0
      Totals:         8       0       0       0       0       0       0
Total ram usage:        8 bytes
 Hardware stack levels used:    1
 Hardware stack levels required when called:    1
 This function calls:
		Nothing
 This function is called by:
		_strtof
 This function uses a non-reentrant model


 *************** function _isxdigit *****************
 Defined at:
		line 4 in file "C:\Program Files\Microchip\xc8\v2.31\pic\sources\c99\common\isxdigit.c"
 Parameters:    Size  Location     Type
  c               2    2[COMRAM] int 
 Auto vars:     Size  Location     Type
		None
 Return value:  Size  Location     Type
                  2    2[COMRAM] int 
 Registers used:
		wreg, status,2, status,0
 Tracked objects:
		On entry : 
		On exit  : 
		Unchanged: 
 Data sizes:     COMRAM   BANK0   BANK1   BANK2   BANK3   BANK4   BANK5
      Params:         2       0       0       0       0       0       0
      Locals:         1       0       0       0       0       0       0
      Temps:          4       0       0       0       0       0       0
      Totals:         7       0       0       0       0       0       0
Total ram usage:        7 bytes
 Hardware stack levels used:    1
 Hardware stack levels required when called:    1
 This function calls:
		Nothing
 This function is called by:
		_strtof
 This function uses a non-reentrant model


 *************** function _isspace *****************
 Defined at:
		line 5 in file "C:\Program Files\Microchip\xc8\v2.31\pic\sources\c99\common\isspace.c"
 Parameters:    Size  Location     Type
  c               2    2[COMRAM] int 
 Auto vars:     Size  Location     Type
		None
 Return value:  Size  Location     Type
                  2    2[COMRAM] int 
 Registers used:
		wreg, status,2, status,0
 Tracked objects:
		On entry : 
		On exit  : 
		Unchanged: 
 Data sizes:     COMRAM   BANK0   BANK1   BANK2   BANK3   BANK4   BANK5
      Params:         2       0       0       0       0       0       0
      Locals:         1       0       0       0       0       0       0
      Temps:          4       0       0       0       0       0       0
      Totals:         7       0       0       0       0       0       0
Total ram usage:        7 bytes
 Hardware stack levels used:    1
 Hardware stack levels required when called:    1
 This function calls:
		Nothing
 This function is called by:
		_strtof
 This function uses a non-reentrant model


 *************** function _isdigit *****************
 Defined at:
		line 5 in file "C:\Program Files\Microchip\xc8\v2.31\pic\sources\c99\common\isdigit.c"
 Parameters:    Size  Location     Type
  c               2    2[COMRAM] int 
 Auto vars:     Size  Location     Type
		None
 Return value:  Size  Location     Type
                  2    2[COMRAM] int 
 Registers used:
		wreg, status,2, status,0
 Tracked objects:
		On entry : 
		On exit  : 
		Unchanged: 
 Data sizes:     COMRAM   BANK0   BANK1   BANK2   BANK3   BANK4   BANK5
      Params:         2       0       0       0       0       0       0
      Locals:         0       0       0       0       0       0       0
      Temps:          4       0       0       0       0       0       0
      Totals:         6       0       0       0       0       0       0
Total ram usage:        6 bytes
 Hardware stack levels used:    1
 Hardware stack levels required when called:    1
 This function calls:
		Nothing
 This function is called by:
		_strtof
 This function uses a non-reentrant model


 *************** function ___flneg *****************
 Defined at:
		line 15 in file "C:\Program Files\Microchip\xc8\v2.31\pic\sources\c99\common\flneg.c"
 Parameters:    Size  Location     Type
  f1              4    2[COMRAM] int 
 Auto vars:     Size  Location     Type
		None
 Return value:  Size  Location     Type
                  4    2[COMRAM] int 
 Registers used:
		wreg, status,2, status,0
 Tracked objects:
		On entry : 
		On exit  : 
		Unchanged: 
 Data sizes:     COMRAM   BANK0   BANK1   BANK2   BANK3   BANK4   BANK5
      Params:         4       0       0       0       0       0       0
      Locals:         0       0       0       0       0       0       0
      Temps:          0       0       0       0       0       0       0
      Totals:         4       0       0       0       0       0       0
Total ram usage:        4 bytes
 Hardware stack levels used:    1
 Hardware stack levels required when called:    1
 This function calls:
		Nothing
 This function is called by:
		_strtof
 This function uses a non-reentrant model


 *************** function ___flmul *****************
 Defined at:
		line 8 in file "C:\Program Files\Microchip\xc8\v2.31\pic\sources\c99\common\sprcmul.c"
 Parameters:    Size  Location     Type
  b               4    2[COMRAM] int 
  a               4    6[COMRAM] int 
 Auto vars:     Size  Location     Type
  prod            4   21[COMRAM] struct .
  grs             4   15[COMRAM] unsigned long 
  temp            2   25[COMRAM] struct .
  bexp            1   20[COMRAM] unsigned char 
  aexp            1   19[COMRAM] unsigned char 
  sign            1   14[COMRAM] unsigned char 
 Return value:  Size  Location     Type
                  4    2[COMRAM] unsigned char 
 Registers used:
		wreg, status,2, status,0, prodl, prodh
 Tracked objects:
		On entry : 
		On exit  : 
		Unchanged: 
 Data sizes:     COMRAM   BANK0   BANK1   BANK2   BANK3   BANK4   BANK5
      Params:         8       0       0       0       0       0       0
      Locals:        13       0       0       0       0       0       0
      Temps:          4       0       0       0       0       0       0
      Totals:        25       0       0       0       0       0       0
Total ram usage:       25 bytes
 Hardware stack levels used:    1
 Hardware stack levels required when called:    1
 This function calls:
		Nothing
 This function is called by:
		_strtof
 This function uses a non-reentrant model


 *************** function ___flge *****************
 Defined at:
		line 4 in file "C:\Program Files\Microchip\xc8\v2.31\pic\sources\c99\common\flge.c"
 Parameters:    Size  Location     Type
  ff1             4    2[COMRAM] unsigned char 
  ff2             4    6[COMRAM] unsigned char 
 Auto vars:     Size  Location     Type
		None
 Return value:  Size  Location     Type
		None               void
 Registers used:
		wreg, status,2, status,0
 Tracked objects:
		On entry : 
		On exit  : 
		Unchanged: 
 Data sizes:     COMRAM   BANK0   BANK1   BANK2   BANK3   BANK4   BANK5
      Params:         8       0       0       0       0       0       0
      Locals:         0       0       0       0       0       0       0
      Temps:          4       0       0       0       0       0       0
      Totals:        12       0       0       0       0       0       0
Total ram usage:       12 bytes
 Hardware stack levels used:    1
 Hardware stack levels required when called:    1
 This function calls:
		Nothing
 This function is called by:
		_strtof
 This function uses a non-reentrant model


 *************** function ___fldiv *****************
 Defined at:
		line 11 in file "C:\Program Files\Microchip\xc8\v2.31\pic\sources\c99\common\sprcdiv.c"
 Parameters:    Size  Location     Type
  b               4    2[COMRAM] unsigned char 
  a               4    6[COMRAM] unsigned char 
 Auto vars:     Size  Location     Type
  grs             4   21[COMRAM] unsigned long 
  rem             4   14[COMRAM] unsigned long 
  new_exp         2   19[COMRAM] short 
  aexp            1   26[COMRAM] unsigned char 
  bexp            1   25[COMRAM] unsigned char 
  sign            1   18[COMRAM] unsigned char 
 Return value:  Size  Location     Type
                  4    2[COMRAM] unsigned char 
 Registers used:
		wreg, status,2, status,0
 Tracked objects:
		On entry : 
		On exit  : 
		Unchanged: 
 Data sizes:     COMRAM   BANK0   BANK1   BANK2   BANK3   BANK4   BANK5
      Params:         8       0       0       0       0       0       0
      Locals:        13       0       0       0       0       0       0
      Temps:          4       0       0       0       0       0       0
      Totals:        25       0       0       0       0       0       0
Total ram usage:       25 bytes
 Hardware stack levels used:    1
 Hardware stack levels required when called:    1
 This function calls:
		Nothing
 This function is called by:
		_strtof
 This function uses a non-reentrant model


 *************** function _Update *****************
 Defined at:
		line 110 in file "Final_code.c"
 Parameters:    Size  Location     Type
		None
 Auto vars:     Size  Location     Type
		None
 Return value:  Size  Location     Type
                  1    wreg      void 
 Registers used:
		wreg, status,2, status,0, prodl, prodh, cstack
 Tracked objects:
		On entry : 
		On exit  : 
		Unchanged: 
 Data sizes:     COMRAM   BANK0   BANK1   BANK2   BANK3   BANK4   BANK5
      Params:         0       0       0       0       0       0       0
      Locals:         0       0       0       0       0       0       0
      Temps:          2       0       0       0       0       0       0
      Totals:         2       0       0       0       0       0       0
Total ram usage:        2 bytes
 Hardware stack levels used:    1
 Hardware stack levels required when called:    4
 This function calls:
		_Dac_Write
		___fleq
		___flsub
		___fltol
		___wmul
		___xxtofl
 This function is called by:
		_main
 This function uses a non-reentrant model


 *************** function ___xxtofl *****************
 Defined at:
		line 10 in file "C:\Program Files\Microchip\xc8\v2.31\pic\sources\c99\common\xxtofl.c"
 Parameters:    Size  Location     Type
  sign            1    wreg     unsigned char 
  val             4    3[COMRAM] long 
 Auto vars:     Size  Location     Type
  sign            1   11[COMRAM] unsigned char 
  arg             4   13[COMRAM] unsigned long 
  exp             1   12[COMRAM] unsigned char 
 Return value:  Size  Location     Type
                  4    3[COMRAM] unsigned char 
 Registers used:
		wreg, status,2, status,0
 Tracked objects:
		On entry : 
		On exit  : 
		Unchanged: 
 Data sizes:     COMRAM   BANK0   BANK1   BANK2   BANK3   BANK4   BANK5
      Params:         4       0       0       0       0       0       0
      Locals:         6       0       0       0       0       0       0
      Temps:          4       0       0       0       0       0       0
      Totals:        14       0       0       0       0       0       0
Total ram usage:       14 bytes
 Hardware stack levels used:    1
 Hardware stack levels required when called:    1
 This function calls:
		Nothing
 This function is called by:
		_Update
		_main
		_strtof
 This function uses a non-reentrant model


 *************** function ___wmul *****************
 Defined at:
		line 15 in file "C:\Program Files\Microchip\xc8\v2.31\pic\sources\c99\common\Umul16.c"
 Parameters:    Size  Location     Type
  multiplier      2   12[COMRAM] unsigned int 
  multiplicand    2   14[COMRAM] unsigned int 
 Auto vars:     Size  Location     Type
  product         2   16[COMRAM] unsigned int 
 Return value:  Size  Location     Type
                  2   12[COMRAM] unsigned int 
 Registers used:
		wreg, status,2, status,0, prodl, prodh
 Tracked objects:
		On entry : 
		On exit  : 
		Unchanged: 
 Data sizes:     COMRAM   BANK0   BANK1   BANK2   BANK3   BANK4   BANK5
      Params:         4       0       0       0       0       0       0
      Locals:         2       0       0       0       0       0       0
      Temps:          0       0       0       0       0       0       0
      Totals:         6       0       0       0       0       0       0
Total ram usage:        6 bytes
 Hardware stack levels used:    1
 Hardware stack levels required when called:    1
 This function calls:
		Nothing
 This function is called by:
		_Update
		_strtof
 This function uses a non-reentrant model


 *************** function ___fltol *****************
 Defined at:
		line 43 in file "C:\Program Files\Microchip\xc8\v2.31\pic\sources\c99\common\fltol.c"
 Parameters:    Size  Location     Type
  f1              4    2[COMRAM] unsigned int 
 Auto vars:     Size  Location     Type
  exp1            1   11[COMRAM] unsigned char 
  sign1           1   10[COMRAM] unsigned char 
 Return value:  Size  Location     Type
                  4    2[COMRAM] long 
 Registers used:
		wreg, status,2, status,0
 Tracked objects:
		On entry : 
		On exit  : 
		Unchanged: 
 Data sizes:     COMRAM   BANK0   BANK1   BANK2   BANK3   BANK4   BANK5
      Params:         4       0       0       0       0       0       0
      Locals:         2       0       0       0       0       0       0
      Temps:          4       0       0       0       0       0       0
      Totals:        10       0       0       0       0       0       0
Total ram usage:       10 bytes
 Hardware stack levels used:    1
 Hardware stack levels required when called:    1
 This function calls:
		Nothing
 This function is called by:
		_Update
		_main
 This function uses a non-reentrant model


 *************** function ___flsub *****************
 Defined at:
		line 245 in file "C:\Program Files\Microchip\xc8\v2.31\pic\sources\c99\common\sprcadd.c"
 Parameters:    Size  Location     Type
  b               4   18[COMRAM] long 
  a               4   22[COMRAM] long 
 Auto vars:     Size  Location     Type
		None
 Return value:  Size  Location     Type
                  4   18[COMRAM] long 
 Registers used:
		wreg, status,2, status,0, cstack
 Tracked objects:
		On entry : 
		On exit  : 
		Unchanged: 
 Data sizes:     COMRAM   BANK0   BANK1   BANK2   BANK3   BANK4   BANK5
      Params:         8       0       0       0       0       0       0
      Locals:         0       0       0       0       0       0       0
      Temps:          0       0       0       0       0       0       0
      Totals:         8       0       0       0       0       0       0
Total ram usage:        8 bytes
 Hardware stack levels used:    1
 Hardware stack levels required when called:    2
 This function calls:
		___fladd
 This function is called by:
		_Update
		_main
 This function uses a non-reentrant model


 *************** function ___fladd *****************
 Defined at:
		line 10 in file "C:\Program Files\Microchip\xc8\v2.31\pic\sources\c99\common\sprcadd.c"
 Parameters:    Size  Location     Type
  b               4    2[COMRAM] long 
  a               4    6[COMRAM] long 
 Auto vars:     Size  Location     Type
  grs             1   17[COMRAM] unsigned char 
  bexp            1   16[COMRAM] unsigned char 
  aexp            1   15[COMRAM] unsigned char 
  signs           1   14[COMRAM] unsigned char 
 Return value:  Size  Location     Type
                  4    2[COMRAM] unsigned char 
 Registers used:
		wreg, status,2, status,0
 Tracked objects:
		On entry : 
		On exit  : 
		Unchanged: 
 Data sizes:     COMRAM   BANK0   BANK1   BANK2   BANK3   BANK4   BANK5
      Params:         8       0       0       0       0       0       0
      Locals:         4       0       0       0       0       0       0
      Temps:          4       0       0       0       0       0       0
      Totals:        16       0       0       0       0       0       0
Total ram usage:       16 bytes
 Hardware stack levels used:    1
 Hardware stack levels required when called:    1
 This function calls:
		Nothing
 This function is called by:
		___flsub
 This function uses a non-reentrant model


 *************** function ___fleq *****************
 Defined at:
		line 4 in file "C:\Program Files\Microchip\xc8\v2.31\pic\sources\c99\common\fleq.c"
 Parameters:    Size  Location     Type
  ff1             4   26[COMRAM] unsigned char 
  ff2             4   30[COMRAM] unsigned char 
 Auto vars:     Size  Location     Type
		None
 Return value:  Size  Location     Type
		None               void
 Registers used:
		wreg, status,2, status,0
 Tracked objects:
		On entry : 
		On exit  : 
		Unchanged: 
 Data sizes:     COMRAM   BANK0   BANK1   BANK2   BANK3   BANK4   BANK5
      Params:         8       0       0       0       0       0       0
      Locals:         0       0       0       0       0       0       0
      Temps:          4       0       0       0       0       0       0
      Totals:        12       0       0       0       0       0       0
Total ram usage:       12 bytes
 Hardware stack levels used:    1
 Hardware stack levels required when called:    1
 This function calls:
		Nothing
 This function is called by:
		_Update
		_main
		_strtof
 This function uses a non-reentrant model


 *************** function _Dac_Write *****************
 Defined at:
		line 98 in file "Final_code.c"
 Parameters:    Size  Location     Type
  x               2   18[COMRAM] unsigned int 
  data            2   20[COMRAM] unsigned int 
 Auto vars:     Size  Location     Type
		None
 Return value:  Size  Location     Type
                  1    wreg      void 
 Registers used:
		wreg, status,2, status,0, cstack
 Tracked objects:
		On entry : 
		On exit  : 
		Unchanged: 
 Data sizes:     COMRAM   BANK0   BANK1   BANK2   BANK3   BANK4   BANK5
      Params:         4       0       0       0       0       0       0
      Locals:         0       0       0       0       0       0       0
      Temps:          2       0       0       0       0       0       0
      Totals:         6       0       0       0       0       0       0
Total ram usage:        6 bytes
 Hardware stack levels used:    1
 Hardware stack levels required when called:    3
 This function calls:
		_I2C_Begin
		_I2C_End
		_I2C_Write
 This function is called by:
		_Update
 This function uses a non-reentrant model


 *************** function _I2C_Write *****************
 Defined at:
		line 93 in file "Final_code.c"
 Parameters:    Size  Location     Type
  data            2    3[COMRAM] unsigned int 
 Auto vars:     Size  Location     Type
		None
 Return value:  Size  Location     Type
                  1    wreg      void 
 Registers used:
		wreg, status,2, status,0, cstack
 Tracked objects:
		On entry : 
		On exit  : 
		Unchanged: 
 Data sizes:     COMRAM   BANK0   BANK1   BANK2   BANK3   BANK4   BANK5
      Params:         2       0       0       0       0       0       0
      Locals:         0       0       0       0       0       0       0
      Temps:          0       0       0       0       0       0       0
      Totals:         2       0       0       0       0       0       0
Total ram usage:        2 bytes
 Hardware stack levels used:    1
 Hardware stack levels required when called:    2
 This function calls:
		_I2C_Hold
 This function is called by:
		_Dac_Write
 This function uses a non-reentrant model


 *************** function _I2C_End *****************
 Defined at:
		line 88 in file "Final_code.c"
 Parameters:    Size  Location     Type
		None
 Auto vars:     Size  Location     Type
		None
 Return value:  Size  Location     Type
                  1    wreg      void 
 Registers used:
		wreg, status,2, status,0, cstack
 Tracked objects:
		On entry : 
		On exit  : 
		Unchanged: 
 Data sizes:     COMRAM   BANK0   BANK1   BANK2   BANK3   BANK4   BANK5
      Params:         0       0       0       0       0       0       0
      Locals:         0       0       0       0       0       0       0
      Temps:          0       0       0       0       0       0       0
      Totals:         0       0       0       0       0       0       0
Total ram usage:        0 bytes
 Hardware stack levels used:    1
 Hardware stack levels required when called:    2
 This function calls:
		_I2C_Hold
 This function is called by:
		_Dac_Write
 This function uses a non-reentrant model


 *************** function _I2C_Begin *****************
 Defined at:
		line 83 in file "Final_code.c"
 Parameters:    Size  Location     Type
		None
 Auto vars:     Size  Location     Type
		None
 Return value:  Size  Location     Type
                  1    wreg      void 
 Registers used:
		wreg, status,2, status,0, cstack
 Tracked objects:
		On entry : 
		On exit  : 
		Unchanged: 
 Data sizes:     COMRAM   BANK0   BANK1   BANK2   BANK3   BANK4   BANK5
      Params:         0       0       0       0       0       0       0
      Locals:         0       0       0       0       0       0       0
      Temps:          0       0       0       0       0       0       0
      Totals:         0       0       0       0       0       0       0
Total ram usage:        0 bytes
 Hardware stack levels used:    1
 Hardware stack levels required when called:    2
 This function calls:
		_I2C_Hold
 This function is called by:
		_Dac_Write
 This function uses a non-reentrant model


 *************** function _I2C_Hold *****************
 Defined at:
		line 79 in file "Final_code.c"
 Parameters:    Size  Location     Type
		None
 Auto vars:     Size  Location     Type
		None
 Return value:  Size  Location     Type
                  1    wreg      void 
 Registers used:
		wreg, status,2, status,0
 Tracked objects:
		On entry : 
		On exit  : 
		Unchanged: 
 Data sizes:     COMRAM   BANK0   BANK1   BANK2   BANK3   BANK4   BANK5
      Params:         0       0       0       0       0       0       0
      Locals:         0       0       0       0       0       0       0
      Temps:          1       0       0       0       0       0       0
      Totals:         1       0       0       0       0       0       0
Total ram usage:        1 bytes
 Hardware stack levels used:    1
 Hardware stack levels required when called:    1
 This function calls:
		Nothing
 This function is called by:
		_I2C_Begin
		_I2C_End
		_I2C_Write
 This function uses a non-reentrant model


 *************** function _UART_send_string *****************
 Defined at:
		line 234 in file "Final_code.c"
 Parameters:    Size  Location     Type
  st_pt           2    3[COMRAM] PTR unsigned char 
		 -> STR_3(9), 
 Auto vars:     Size  Location     Type
		None
 Return value:  Size  Location     Type
                  1    wreg      void 
 Registers used:
		wreg, status,2, status,0, tblptrl, tblptrh, tblptru, cstack
 Tracked objects:
		On entry : 
		On exit  : 
		Unchanged: 
 Data sizes:     COMRAM   BANK0   BANK1   BANK2   BANK3   BANK4   BANK5
      Params:         2       0       0       0       0       0       0
      Locals:         0       0       0       0       0       0       0
      Temps:          0       0       0       0       0       0       0
      Totals:         2       0       0       0       0       0       0
Total ram usage:        2 bytes
 Hardware stack levels used:    1
 Hardware stack levels required when called:    2
 This function calls:
		_UART_send_char
 This function is called by:
		_main
 This function uses a non-reentrant model


 *************** function _UART_send_char *****************
 Defined at:
		line 211 in file "Final_code.c"
 Parameters:    Size  Location     Type
  bt              1    wreg     unsigned char 
 Auto vars:     Size  Location     Type
  bt              1    2[COMRAM] unsigned char 
 Return value:  Size  Location     Type
                  1    wreg      void 
 Registers used:
		wreg
 Tracked objects:
		On entry : 
		On exit  : 
		Unchanged: 
 Data sizes:     COMRAM   BANK0   BANK1   BANK2   BANK3   BANK4   BANK5
      Params:         0       0       0       0       0       0       0
      Locals:         1       0       0       0       0       0       0
      Temps:          0       0       0       0       0       0       0
      Totals:         1       0       0       0       0       0       0
Total ram usage:        1 bytes
 Hardware stack levels used:    1
 Hardware stack levels required when called:    1
 This function calls:
		Nothing
 This function is called by:
		_UART_send_string
		_main
 This function uses a non-reentrant model


 *************** function _Initialize_UART *****************
 Defined at:
		line 178 in file "Final_code.c"
 Parameters:    Size  Location     Type
		None
 Auto vars:     Size  Location     Type
		None
 Return value:  Size  Location     Type
                  1    wreg      void 
 Registers used:
		wreg, status,2
 Tracked objects:
		On entry : 
		On exit  : 
		Unchanged: 
 Data sizes:     COMRAM   BANK0   BANK1   BANK2   BANK3   BANK4   BANK5
      Params:         0       0       0       0       0       0       0
      Locals:         0       0       0       0       0       0       0
      Temps:          0       0       0       0       0       0       0
      Totals:         0       0       0       0       0       0       0
Total ram usage:        0 bytes
 Hardware stack levels used:    1
 Hardware stack levels required when called:    1
 This function calls:
		Nothing
 This function is called by:
		_main
 This function uses a non-reentrant model


 *************** function _I2C_Initialize *****************
 Defined at:
		line 69 in file "Final_code.c"
 Parameters:    Size  Location     Type
  feq_K           4   27[COMRAM] const unsigned long 
 Auto vars:     Size  Location     Type
		None
 Return value:  Size  Location     Type
                  1    wreg      void 
 Registers used:
		wreg, status,2, status,0, cstack
 Tracked objects:
		On entry : 
		On exit  : 
		Unchanged: 
 Data sizes:     COMRAM   BANK0   BANK1   BANK2   BANK3   BANK4   BANK5
      Params:         4       0       0       0       0       0       0
      Locals:         0       0       0       0       0       0       0
      Temps:          4       0       0       0       0       0       0
      Totals:         8       0       0       0       0       0       0
Total ram usage:        8 bytes
 Hardware stack levels used:    1
 Hardware stack levels required when called:    2
 This function calls:
		___lldiv
		___lmul
 This function is called by:
		_main
 This function uses a non-reentrant model


 *************** function ___lmul *****************
 Defined at:
		line 15 in file "C:\Program Files\Microchip\xc8\v2.31\pic\sources\c99\common\Umul32.c"
 Parameters:    Size  Location     Type
  multiplier      4    2[COMRAM] unsigned long 
  multiplicand    4    6[COMRAM] unsigned long 
 Auto vars:     Size  Location     Type
  product         4   10[COMRAM] unsigned long 
 Return value:  Size  Location     Type
                  4    2[COMRAM] unsigned long 
 Registers used:
		wreg, status,2, status,0
 Tracked objects:
		On entry : 
		On exit  : 
		Unchanged: 
 Data sizes:     COMRAM   BANK0   BANK1   BANK2   BANK3   BANK4   BANK5
      Params:         8       0       0       0       0       0       0
      Locals:         4       0       0       0       0       0       0
      Temps:          0       0       0       0       0       0       0
      Totals:        12       0       0       0       0       0       0
Total ram usage:       12 bytes
 Hardware stack levels used:    1
 Hardware stack levels required when called:    1
 This function calls:
		Nothing
 This function is called by:
		_I2C_Initialize
		_strtof
 This function uses a non-reentrant model


 *************** function ___lldiv *****************
 Defined at:
		line 7 in file "C:\Program Files\Microchip\xc8\v2.31\pic\sources\c99\common\__lldiv.c"
 Parameters:    Size  Location     Type
  dividend        4   14[COMRAM] unsigned long 
  divisor         4   18[COMRAM] unsigned long 
 Auto vars:     Size  Location     Type
  quotient        4   22[COMRAM] unsigned long 
  counter         1   26[COMRAM] unsigned char 
 Return value:  Size  Location     Type
                  4   14[COMRAM] unsigned long 
 Registers used:
		wreg, status,2, status,0
 Tracked objects:
		On entry : 
		On exit  : 
		Unchanged: 
 Data sizes:     COMRAM   BANK0   BANK1   BANK2   BANK3   BANK4   BANK5
      Params:         8       0       0       0       0       0       0
      Locals:         5       0       0       0       0       0       0
      Temps:          0       0       0       0       0       0       0
      Totals:        13       0       0       0       0       0       0
Total ram usage:       13 bytes
 Hardware stack levels used:    1
 Hardware stack levels required when called:    1
 This function calls:
		Nothing
 This function is called by:
		_I2C_Initialize
 This function uses a non-reentrant model


 *************** function _Eeprom_write *****************
 Defined at:
		line 50 in file "Final_code.c"
 Parameters:    Size  Location     Type
  addr            1    wreg     unsigned char 
  data            1   12[COMRAM] unsigned char 
 Auto vars:     Size  Location     Type
  addr            1   13[COMRAM] unsigned char 
 Return value:  Size  Location     Type
                  1    wreg      void 
 Registers used:
		wreg, status,2
 Tracked objects:
		On entry : 
		On exit  : 
		Unchanged: 
 Data sizes:     COMRAM   BANK0   BANK1   BANK2   BANK3   BANK4   BANK5
      Params:         1       0       0       0       0       0       0
      Locals:         1       0       0       0       0       0       0
      Temps:          0       0       0       0       0       0       0
      Totals:         2       0       0       0       0       0       0
Total ram usage:        2 bytes
 Hardware stack levels used:    1
 Hardware stack levels required when called:    1
 This function calls:
		Nothing
 This function is called by:
		_main
 This function uses a non-reentrant model


 *************** function _Eeprom_read *****************
 Defined at:
		line 41 in file "Final_code.c"
 Parameters:    Size  Location     Type
  addr            1    wreg     unsigned char 
 Auto vars:     Size  Location     Type
  addr            1    2[COMRAM] unsigned char 
 Return value:  Size  Location     Type
                  1    wreg      unsigned char 
 Registers used:
		wreg, status,2
 Tracked objects:
		On entry : 
		On exit  : 
		Unchanged: 
 Data sizes:     COMRAM   BANK0   BANK1   BANK2   BANK3   BANK4   BANK5
      Params:         0       0       0       0       0       0       0
      Locals:         1       0       0       0       0       0       0
      Temps:          0       0       0       0       0       0       0
      Totals:         1       0       0       0       0       0       0
Total ram usage:        1 bytes
 Hardware stack levels used:    1
 Hardware stack levels required when called:    1
 This function calls:
		Nothing
 This function is called by:
		_main
 This function uses a non-reentrant model


 *************** function _high_isr *****************
 Defined at:
		line 360 in file "Final_code.c"
 Parameters:    Size  Location     Type
		None
 Auto vars:     Size  Location     Type
		None
 Return value:  Size  Location     Type
                  1    wreg      void 
 Registers used:
		wreg, fsr2l, fsr2h, status,2, status,0
 Tracked objects:
		On entry : 
		On exit  : 
		Unchanged: 
 Data sizes:     COMRAM   BANK0   BANK1   BANK2   BANK3   BANK4   BANK5
      Params:         0       0       0       0       0       0       0
      Locals:         0       0       0       0       0       0       0
      Temps:          2       0       0       0       0       0       0
      Totals:         2       0       0       0       0       0       0
Total ram usage:        2 bytes
 Hardware stack levels used:    1
 This function calls:
		Nothing
 This function is called by:
		Interrupt level 2
 This function uses a non-reentrant model



MODULE INFORMATION

Module		Function		Class		Link	Load	Size
C:\Program Files\Microchip\xc8\v2.31\pic\sources\c99\common\nanf.c
		_nanf          		CODE           	3EC0	0000	34

C:\Program Files\Microchip\xc8\v2.31\pic\sources\c99\common\nanf.c estimated size: 34

C:\Program Files\Microchip\xc8\v2.31\pic\sources\c99\common\isdigit.c
		_isdigit       		CODE           	3D4E	0000	56

C:\Program Files\Microchip\xc8\v2.31\pic\sources\c99\common\isdigit.c estimated size: 56

C:\Program Files\Microchip\xc8\v2.31\pic\sources\c99\common\sprcadd.c
		___flsub       		CODE           	3CD0	0000	70
		___fladd       		CODE           	261C	0000	1216

C:\Program Files\Microchip\xc8\v2.31\pic\sources\c99\common\sprcadd.c estimated size: 1286

C:\Program Files\Microchip\xc8\v2.31\pic\sources\c99\common\flneg.c
		___flneg       		CODE           	3D86	0000	56

C:\Program Files\Microchip\xc8\v2.31\pic\sources\c99\common\flneg.c estimated size: 56

C:\Program Files\Microchip\xc8\v2.31\pic\sources\c99\common\Umul32.c
		___lmul        		CODE           	3A3C	0000	106

C:\Program Files\Microchip\xc8\v2.31\pic\sources\c99\common\Umul32.c estimated size: 106

C:\Program Files\Microchip\xc8\v2.31\pic\sources\c99\common\xxtofl.c
		___xxtofl      		CODE           	32A0	0000	436

C:\Program Files\Microchip\xc8\v2.31\pic\sources\c99\common\xxtofl.c estimated size: 436

C:\Program Files\Microchip\xc8\v2.31\pic\sources\c99\common\strcspn.c
		_strcspn       		CODE           	3B0C	0000	102

C:\Program Files\Microchip\xc8\v2.31\pic\sources\c99\common\strcspn.c estimated size: 102

C:\Program Files\Microchip\xc8\v2.31\pic\sources\c99\common\fleq.c
		___fleq        		CODE           	37FA	0000	170

C:\Program Files\Microchip\xc8\v2.31\pic\sources\c99\common\fleq.c estimated size: 170

C:\Program Files\Microchip\xc8\v2.31\pic\sources\c99\common\strchr.c
		_strchr        		CODE           	3C2C	0000	82

C:\Program Files\Microchip\xc8\v2.31\pic\sources\c99\common\strchr.c estimated size: 82

C:\Program Files\Microchip\xc8\v2.31\pic\sources\c99\common\strspn.c
		_strspn        		CODE           	3AA6	0000	102

C:\Program Files\Microchip\xc8\v2.31\pic\sources\c99\common\strspn.c estimated size: 102

C:\Program Files\Microchip\xc8\v2.31\pic\sources\c99\common\strtof.c
		_atof          		CODE           	3E4E	0000	38
		_strtof        		CODE           	062C	0000	4438

C:\Program Files\Microchip\xc8\v2.31\pic\sources\c99\common\strtof.c estimated size: 4476

shared
		__initialization		CODE           	3E24	0000	24

shared estimated size: 24

C:\Program Files\Microchip\xc8\v2.31\pic\sources\c99\common\islower.c
		_islower       		CODE           	3D16	0000	56

C:\Program Files\Microchip\xc8\v2.31\pic\sources\c99\common\islower.c estimated size: 56

C:\Program Files\Microchip\xc8\v2.31\pic\sources\c99\common\sprcmul.c
		___flmul       		CODE           	2ADC	0000	1066

C:\Program Files\Microchip\xc8\v2.31\pic\sources\c99\common\sprcmul.c estimated size: 1066

Final_code.c
		_main          		CODE           	1782	0000	2116
		_high_isr      		CODE           	0008	0000	196
		_I2C_Write     		CODE           	3F32	0000	10
		_I2C_End       		CODE           	3F3C	0000	8
		_Eeprom_read   		CODE           	3EE2	0000	30
		_Eeprom_write  		CODE           	3DF4	0000	48
		_UART_send_string		CODE           	3DBE	0000	54
		_Update        		CODE           	1FC6	0000	1622
		_Dac_Write     		CODE           	3BD0	0000	92
		_UART_send_char		CODE           	3F1C	0000	22
		_I2C_Hold      		CODE           	3E9A	0000	38
		_Initialize_UART		CODE           	3F00	0000	28
		_I2C_Initialize		CODE           	3948	0000	132
		_I2C_Begin     		CODE           	3F44	0000	8

Final_code.c estimated size: 4404

C:\Program Files\Microchip\xc8\v2.31\pic\sources\c99\common\sprcdiv.c
		___fldiv       		CODE           	2F06	0000	922

C:\Program Files\Microchip\xc8\v2.31\pic\sources\c99\common\sprcdiv.c estimated size: 922

C:\Program Files\Microchip\xc8\v2.31\pic\sources\c99\common\fltol.c
		___fltol       		CODE           	3454	0000	262

C:\Program Files\Microchip\xc8\v2.31\pic\sources\c99\common\fltol.c estimated size: 262

C:\Program Files\Microchip\xc8\v2.31\pic\sources\c99\common\toupper.c
		_toupper       		CODE           	3B72	0000	94

C:\Program Files\Microchip\xc8\v2.31\pic\sources\c99\common\toupper.c estimated size: 94

C:\Program Files\Microchip\xc8\v2.31\pic\sources\c99\common\isxdigit.c
		_isxdigit      		CODE           	39CC	0000	112

C:\Program Files\Microchip\xc8\v2.31\pic\sources\c99\common\isxdigit.c estimated size: 112

C:\Program Files\Microchip\xc8\v2.31\pic\sources\c99\common\flge.c
		___flge        		CODE           	355A	0000	260

C:\Program Files\Microchip\xc8\v2.31\pic\sources\c99\common\flge.c estimated size: 260

C:\Program Files\Microchip\xc8\v2.31\pic\sources\c99\common\isspace.c
		_isspace       		CODE           	3C7E	0000	82

C:\Program Files\Microchip\xc8\v2.31\pic\sources\c99\common\isspace.c estimated size: 82

C:\Program Files\Microchip\xc8\v2.31\pic\sources\c99\common\Umul16.c
		___wmul        		CODE           	3E74	0000	38

C:\Program Files\Microchip\xc8\v2.31\pic\sources\c99\common\Umul16.c estimated size: 38

C:\Program Files\Microchip\xc8\v2.31\pic\sources\c99\common\__lldiv.c
		___lldiv       		CODE           	38A4	0000	164

C:\Program Files\Microchip\xc8\v2.31\pic\sources\c99\common\__lldiv.c estimated size: 164

C:\Program Files\Microchip\xc8\v2.31\pic\sources\c99\common\strtok.c
		_strtok        		CODE           	365E	0000	222

C:\Program Files\Microchip\xc8\v2.31\pic\sources\c99\common\strtok.c estimated size: 222

